2025-10-13 13:18:04,148 laptop-4fa3qecs C:\Users\marco\.jdks\openjdk-22.0.2\bin\java.exe[23400] WARN  [io.qua.config] (Quarkus Main Thread) Unrecognized configuration key "quarkus.package.type" was provided; it will be ignored; verify that the dependency extension for this configuration is set or that you did not make a typo
2025-10-13 13:18:09,859 laptop-4fa3qecs C:\Users\marco\.jdks\openjdk-22.0.2\bin\java.exe[23400] INFO  [io.quarkus] (Quarkus Main Thread) sales 1.0.0 on JVM (powered by Quarkus 3.17.3) started in 14.023s. Listening on: http://0.0.0.0:8080
2025-10-13 13:18:09,861 laptop-4fa3qecs C:\Users\marco\.jdks\openjdk-22.0.2\bin\java.exe[23400] INFO  [io.quarkus] (Quarkus Main Thread) Profile dev activated. Live Coding activated.
2025-10-13 13:18:09,866 laptop-4fa3qecs C:\Users\marco\.jdks\openjdk-22.0.2\bin\java.exe[23400] INFO  [io.quarkus] (Quarkus Main Thread) Installed features: [agroal, cdi, hibernate-orm, hibernate-orm-panache, hibernate-validator, jdbc-oracle, narayana-jta, rest, rest-jackson, security, smallrye-context-propagation, smallrye-health, smallrye-openapi, swagger-ui, vertx]
2025-10-13 13:18:10,276 laptop-4fa3qecs C:\Users\marco\.jdks\openjdk-22.0.2\bin\java.exe[23400] ERROR [io.qua.hib.orm.run.sch.SchemaManagementIntegrator] (Hibernate post-boot validation thread for <default>) Failed to validate Schema: Schema-validation: wrong column type encountered in column [ACTIVO] in table [CLIENTES]; found [char (Types#CHAR)], but expecting [varchar2(1 char) (Types#VARCHAR)]
2025-10-13 13:18:11,733 laptop-4fa3qecs C:\Users\marco\.jdks\openjdk-22.0.2\bin\java.exe[23400] ERROR [io.qua.hib.orm.run.sch.SchemaManagementIntegrator] (Hibernate post-boot validation thread for <default>) The following SQL may resolve the database issues, as generated by the Hibernate schema migration tool. WARNING: You must manually verify this SQL is correct, this is a best effort guess, do not copy/paste it without verifying that it does what you expect.


    alter table CLIENTES 
       modify ACTIVO varchar2(1 char);

    alter table DETALLE_DEVOLUCIONES 
       modify REINGRESAR_INVENTARIO varchar2(1 char);

    alter table EMPLEADOS 
       modify ACTIVO varchar2(1 char);

    alter table FORMAS_PAGO 
       modify ACTIVO varchar2(1 char);

    alter table MOTIVOS_DEVOLUCION 
       modify ACTIVO varchar2(1 char);

    alter table MOTIVOS_DEVOLUCION 
       modify REQUIERE_AUTORIZACION varchar2(1 char);

    alter table PRODUCTOS 
       modify ACTIVO varchar2(1 char);

    alter table DETALLE_DEVOLUCIONES 
       add constraint FKn8qvssfg0q2clt0k5strx5vht 
       foreign key (ID_DETALLE_VENTA) 
       references DETALLE_VENTAS;

